// Jest Snapshot v1, https://goo.gl/fbAQLP

exports[`Equipment test 1`] = `
<RCTScrollView
  style={
    Object {
      "backgroundColor": "#F7F7F7",
      "width": "100%",
    }
  }
>
  <View>
    <Text
      accessible={true}
      allowFontScaling={true}
      ellipsizeMode="tail"
      style={
        Object {
          "borderColor": "rgba(0,0,0,.06)",
          "borderWidth": 0.5,
          "color": "rgba(0,0,0,.3)",
          "fontSize": 16,
          "height": 40,
          "paddingLeft": 15,
          "paddingVertical": 9,
        }
      }
    >
      运行状态
    </Text>
    <Text
      accessible={true}
      allowFontScaling={true}
      ellipsizeMode="tail"
      style={
        Object {
          "backgroundColor": "#fff",
          "fontSize": 18,
          "height": 60,
          "paddingLeft": 15,
          "paddingVertical": 19,
        }
      }
    >
      正常
    </Text>
    <View
      style={
        Object {
          "alignItems": "center",
          "borderColor": "rgba(0,0,0,.06)",
          "borderWidth": 0.5,
          "flexDirection": "row",
          "height": 40,
          "paddingLeft": 15,
          "width": "100%",
        }
      }
    >
      <Text
        accessible={true}
        allowFontScaling={true}
        ellipsizeMode="tail"
        style={
          Object {
            "color": "rgba(0,0,0,.3)",
            "fontSize": 16,
          }
        }
      >
        指标数据
      </Text>
      <Text
        accessible={true}
        allowFontScaling={true}
        ellipsizeMode="tail"
        style={
          Array [
            Object {
              "color": "rgba(0,0,0,.6)",
              "fontSize": 12,
            },
            Object {
              "position": "absolute",
              "right": 15,
            },
          ]
        }
      >
        更新时间: 2017-09-04 09:13
      </Text>
    </View>
    <View
      style={
        Object {
          "backgroundColor": "#fff",
        }
      }
    >
      <View
        style={
          Object {
            "backgroundColor": "rgba(0,0,0,.06)",
          }
        }
      >
        <View>
          <View
            accessibilityComponentType={undefined}
            accessibilityLabel={undefined}
            accessibilityTraits={undefined}
            accessible={true}
            hitSlop={undefined}
            isTVSelectable={true}
            onLayout={undefined}
            onResponderGrant={[Function]}
            onResponderMove={[Function]}
            onResponderRelease={[Function]}
            onResponderTerminate={[Function]}
            onResponderTerminationRequest={[Function]}
            onStartShouldSetResponder={[Function]}
            style={
              Object {
                "alignItems": "center",
                "backgroundColor": "#fff",
                "borderColor": "rgba(0,0,0,.06)",
                "borderWidth": 0.5,
                "flexDirection": "row",
                "height": 60,
                "opacity": 1,
                "paddingLeft": 15,
              }
            }
            testID={undefined}
            tvParallaxProperties={undefined}
          >
            <Text
              accessible={true}
              allowFontScaling={true}
              ellipsizeMode="tail"
              style={
                Array [
                  Object {
                    "fontSize": 15,
                  },
                  Object {
                    "color": "rgba(0,0,0,.6)",
                  },
                ]
              }
            >
              本类别数据名称1
            </Text>
            <Image
              source={1}
              style={
                Object {
                  "position": "absolute",
                  "right": 15,
                  "width": 15,
                }
              }
            />
          </View>
          <View
            style={
              Object {
                "backgroundColor": "#fff",
              }
            }
          />
        </View>
        <View>
          <View
            accessibilityComponentType={undefined}
            accessibilityLabel={undefined}
            accessibilityTraits={undefined}
            accessible={true}
            hitSlop={undefined}
            isTVSelectable={true}
            onLayout={undefined}
            onResponderGrant={[Function]}
            onResponderMove={[Function]}
            onResponderRelease={[Function]}
            onResponderTerminate={[Function]}
            onResponderTerminationRequest={[Function]}
            onStartShouldSetResponder={[Function]}
            style={
              Object {
                "alignItems": "center",
                "backgroundColor": "#fff",
                "borderColor": "rgba(0,0,0,.06)",
                "borderWidth": 0.5,
                "flexDirection": "row",
                "height": 60,
                "opacity": 1,
                "paddingLeft": 15,
              }
            }
            testID={undefined}
            tvParallaxProperties={undefined}
          >
            <Text
              accessible={true}
              allowFontScaling={true}
              ellipsizeMode="tail"
              style={
                Array [
                  Object {
                    "fontSize": 15,
                  },
                  Object {
                    "color": "rgba(0,0,0,.6)",
                  },
                ]
              }
            >
              本类别数据名称2
            </Text>
            <Image
              source={1}
              style={
                Object {
                  "position": "absolute",
                  "right": 15,
                  "width": 15,
                }
              }
            />
          </View>
          <View
            style={
              Object {
                "backgroundColor": "#fff",
              }
            }
          />
        </View>
        <View>
          <View
            accessibilityComponentType={undefined}
            accessibilityLabel={undefined}
            accessibilityTraits={undefined}
            accessible={true}
            hitSlop={undefined}
            isTVSelectable={true}
            onLayout={undefined}
            onResponderGrant={[Function]}
            onResponderMove={[Function]}
            onResponderRelease={[Function]}
            onResponderTerminate={[Function]}
            onResponderTerminationRequest={[Function]}
            onStartShouldSetResponder={[Function]}
            style={
              Object {
                "alignItems": "center",
                "backgroundColor": "#fff",
                "borderColor": "rgba(0,0,0,.06)",
                "borderWidth": 0.5,
                "flexDirection": "row",
                "height": 60,
                "opacity": 1,
                "paddingLeft": 15,
              }
            }
            testID={undefined}
            tvParallaxProperties={undefined}
          >
            <Text
              accessible={true}
              allowFontScaling={true}
              ellipsizeMode="tail"
              style={
                Array [
                  Object {
                    "fontSize": 15,
                  },
                  Object {
                    "color": "rgba(0,0,0,.6)",
                  },
                ]
              }
            >
              本类别数据名称3
            </Text>
            <Image
              source={1}
              style={
                Object {
                  "position": "absolute",
                  "right": 15,
                  "width": 15,
                }
              }
            />
          </View>
          <View
            style={
              Object {
                "backgroundColor": "#fff",
              }
            }
          />
        </View>
        <View>
          <View
            accessibilityComponentType={undefined}
            accessibilityLabel={undefined}
            accessibilityTraits={undefined}
            accessible={true}
            hitSlop={undefined}
            isTVSelectable={true}
            onLayout={undefined}
            onResponderGrant={[Function]}
            onResponderMove={[Function]}
            onResponderRelease={[Function]}
            onResponderTerminate={[Function]}
            onResponderTerminationRequest={[Function]}
            onStartShouldSetResponder={[Function]}
            style={
              Object {
                "alignItems": "center",
                "backgroundColor": "#fff",
                "borderColor": "rgba(0,0,0,.06)",
                "borderWidth": 0.5,
                "flexDirection": "row",
                "height": 60,
                "opacity": 1,
                "paddingLeft": 15,
              }
            }
            testID={undefined}
            tvParallaxProperties={undefined}
          >
            <Text
              accessible={true}
              allowFontScaling={true}
              ellipsizeMode="tail"
              style={
                Array [
                  Object {
                    "fontSize": 15,
                  },
                  Object {
                    "color": "rgba(0,0,0,.6)",
                  },
                ]
              }
            >
              本类别数据名称4
            </Text>
            <Image
              source={1}
              style={
                Object {
                  "position": "absolute",
                  "right": 15,
                  "width": 15,
                }
              }
            />
          </View>
          <View
            style={
              Object {
                "backgroundColor": "#fff",
              }
            }
          />
        </View>
      </View>
    </View>
  </View>
</RCTScrollView>
`;
