// Jest Snapshot v1, https://goo.gl/fbAQLP

exports[`Home test 1`] = `
<View
  style={
    Object {
      "backgroundColor": "#F7F7F7",
    }
  }
>
  <View>
    <View
      style={
        Object {
          "alignItems": "center",
          "backgroundColor": "#F7F7F7",
          "height": "100%",
          "justifyContent": "center",
          "width": "100%",
        }
      }
    >
      <Text
        accessible={true}
        allowFontScaling={true}
        ellipsizeMode="tail"
        style={
          Object {
            "color": "rgba(0,0,0,.3)",
            "fontSize": 18,
          }
        }
      >
        暂无内容
      </Text>
    </View>
  </View>
</View>
`;
