// Jest Snapshot v1, https://goo.gl/fbAQLP

exports[`Message test 1`] = `
<RCTScrollView>
  <View>
    <View
      style={
        Object {
          "alignItems": "center",
          "justifyContent": "center",
          "padding": 8,
        }
      }
    >
      <ActivityIndicator
        animating={true}
        color="#999999"
        hidesWhenStopped={true}
        size="large"
        style={
          Object {
            "height": 50,
            "marginTop": 150,
          }
        }
      />
      <Text
        accessible={true}
        allowFontScaling={true}
        ellipsizeMode="tail"
        style={
          Object {
            "color": "#7B7B7B",
            "fontSize": 11,
          }
        }
      >
        加载中...
      </Text>
    </View>
  </View>
</RCTScrollView>
`;
